
Gurobi 12.0.1 (mac64[arm]) logging started Sat May 17 15:36:09 2025

Set parameter LogFile to value "lp_relaxation.log"
Gurobi Optimizer version 12.0.1 build v12.0.1rc0 (mac64[arm] - Darwin 24.4.0 24E263)

CPU model: Apple M1
Thread count: 8 physical cores, 8 logical processors, using up to 8 threads

WLS license 2660300 - registered to Optym
Optimize a model with 13388 rows, 48454 columns and 158962 nonzeros
Model fingerprint: 0x8127541f
Coefficient statistics:
  Matrix range     [1e+00, 2e+02]
  Objective range  [4e+00, 8e+01]
  Bounds range     [1e-01, 2e+02]
  RHS range        [1e+00, 2e+02]
Presolve removed 5570 rows and 6407 columns
Presolve time: 0.07s
Presolved: 7818 rows, 42047 columns, 138294 nonzeros

Concurrent LP optimizer: primal simplex, dual simplex, and barrier
Showing barrier log only...

Ordering time: 0.62s
Ordering time: 1.26s
Ordering time: 1.89s

Barrier statistics:
 AA' NZ     : 4.975e+05
 Factor NZ  : 8.838e+06 (roughly 100 MB of memory)
 Factor Ops : 1.844e+10 (less than 1 second per iteration)
 Threads    : 6

                  Objective                Residual
Iter       Primal          Dual         Primal    Dual     Compl     Time
   0   3.92174887e+05 -3.70755540e+05  8.34e+03 1.89e+00  2.11e+02     2s
   1   9.96833632e+04 -3.35015506e+05  1.80e+03 9.72e-01  4.79e+01     2s
   2   2.88458494e+04 -1.70269985e+05  1.69e+02 4.89e-02  5.96e+00     2s
   3   1.36413727e+04 -2.12879677e+04  1.39e+01 2.50e-03  6.65e-01     3s
   4   6.25187416e+03 -5.98492441e+03  2.62e+00 1.40e-04  1.82e-01     3s
   5   4.71978533e+03 -2.44360017e+03  1.92e+00 7.11e-15  1.11e-01     3s
   6   2.86884714e+03 -1.32328695e+03  1.02e+00 4.44e-15  6.33e-02     3s
   7   1.81857804e+03 -4.93312028e+02  5.10e-01 7.11e-15  3.43e-02     3s
   8   1.28225630e+03  1.38113958e+01  2.63e-01 4.44e-15  1.86e-02     3s
   9   9.82030361e+02  4.40632136e+02  1.10e-01 3.55e-15  7.85e-03     3s
  10   8.67453344e+02  5.19039985e+02  7.42e-02 3.55e-15  5.08e-03     4s
  11   7.41401757e+02  5.71356287e+02  3.50e-02 3.55e-15  2.45e-03     4s
  12   6.51589512e+02  5.99329505e+02  8.47e-03 3.55e-15  7.16e-04     4s
  13   6.32551270e+02  6.06260181e+02  4.01e-03 3.55e-15  3.56e-04     4s
  14   6.23848722e+02  6.09306476e+02  2.25e-03 3.55e-15  1.98e-04     4s
  15   6.17857371e+02  6.11753777e+02  8.96e-04 3.55e-15  8.21e-05     5s
  16   6.15313977e+02  6.12393320e+02  3.83e-04 2.22e-15  3.87e-05     5s
  17   6.14405291e+02  6.12906477e+02  1.99e-04 2.66e-15  1.99e-05     5s
  18   6.13697315e+02  6.13173907e+02  6.71e-05 3.55e-15  6.91e-06     5s
  19   6.13342608e+02  6.13295510e+02  3.16e-06 5.33e-15  5.83e-07     5s
  20   6.13320081e+02  6.13319380e+02  2.57e-08 5.33e-15  8.37e-09     6s
  21   6.13319685e+02  6.13319679e+02  4.56e-09 7.11e-15  7.18e-11     6s
  22   6.13319680e+02  6.13319680e+02  1.95e-09 8.88e-15  7.24e-14     6s

Barrier solved model in 22 iterations and 6.14 seconds (10.22 work units)
Optimal objective 6.13319680e+02

Crossover log...

    2948 DPushes remaining with DInf 0.0000000e+00                 6s
       0 DPushes remaining with DInf 0.0000000e+00                 6s

      50 PPushes remaining with PInf 0.0000000e+00                 6s
       0 PPushes remaining with PInf 0.0000000e+00                 6s

  Push phase complete: Pinf 0.0000000e+00, Dinf 1.5948354e-13      6s


Solved with barrier
Iteration    Objective       Primal Inf.    Dual Inf.      Time
    2986    6.1331968e+02   0.000000e+00   0.000000e+00      6s

Solved in 2986 iterations and 6.20 seconds (10.53 work units)
Optimal objective  6.133196798e+02
