
Gurobi 12.0.1 (mac64[arm]) logging started Sat May 17 15:37:24 2025

Set parameter LogFile to value "mip_cuts.log"
Set parameter TimeLimit to value 300
Set parameter GomoryPasses to value 10
Set parameter MIRCuts to value 2
Set parameter ZeroHalfCuts to value 2
Set parameter FlowCoverCuts to value 2
Set parameter CoverCuts to value 2
Gurobi Optimizer version 12.0.1 build v12.0.1rc0 (mac64[arm] - Darwin 24.4.0 24E263)

CPU model: Apple M1
Thread count: 8 physical cores, 8 logical processors, using up to 8 threads

Non-default parameters:
TimeLimit  300
Cuts  2
CutPasses  10
CoverCuts  2
FlowCoverCuts  2
GomoryPasses  10
MIRCuts  2
ZeroHalfCuts  2

WLS license 2660300 - registered to Optym
Optimize a model with 13388 rows, 48454 columns and 158962 nonzeros
Model fingerprint: 0x42576096
Variable types: 46134 continuous, 2320 integer (2320 binary)
Coefficient statistics:
  Matrix range     [1e+00, 2e+02]
  Objective range  [4e+00, 8e+01]
  Bounds range     [1e-01, 2e+02]
  RHS range        [1e+00, 2e+02]
Presolve removed 5398 rows and 6295 columns
Presolve time: 0.20s
Presolved: 7990 rows, 42159 columns, 144816 nonzeros
Variable types: 39837 continuous, 2322 integer (2320 binary)
Found heuristic solution: objective 2582.2000000
Found heuristic solution: objective 2581.2000000
Deterministic concurrent LP optimizer: primal and dual simplex
Showing primal log only...


Root simplex log...

Iteration    Objective       Primal Inf.    Dual Inf.      Time
   82236    6.1627646e+02   0.000000e+00   5.112344e+04      5s
Concurrent spin time: 0.66s (can be avoided by choosing Method=3)

Solved with dual simplex

Root simplex log...

Iteration    Objective       Primal Inf.    Dual Inf.      Time
   23176    6.1331968e+02   0.000000e+00   0.000000e+00      6s

Root relaxation: objective 6.133197e+02, 23176 iterations, 5.46 seconds (8.82 work units)

    Nodes    |    Current Node    |     Objective Bounds      |     Work
 Expl Unexpl |  Obj  Depth IntInf | Incumbent    BestBd   Gap | It/Node Time

     0     0  613.31968    0  151 2581.20000  613.31968  76.2%     -    5s
H    0     0                    1010.6000000  613.31968  39.3%     -    6s
H    0     0                     953.3000000  613.31968  35.7%     -    6s
H    0     0                     905.1000000  613.31968  32.2%     -    6s
H    0     0                     821.4000000  613.31968  25.3%     -    7s
H    0     0                     810.0000000  613.31968  24.3%     -    7s
H    0     0                     791.7000000  613.31968  22.5%     -    7s
H    0     0                     749.8000000  613.31968  18.2%     -    7s
H    0     0                     662.7000000  613.31968  7.45%     -    7s
H    0     0                     651.1000000  613.31968  5.80%     -    7s
H    0     0                     646.9000000  613.82383  5.11%     -    7s
     0     0  613.82383    0  155  646.90000  613.82383  5.11%     -    7s
     0     0  613.90172    0  156  646.90000  613.90172  5.10%     -    8s
     0     0  613.94385    0  159  646.90000  613.94385  5.09%     -    9s
     0     0  613.94385    0  151  646.90000  613.94385  5.09%     -   13s
H    0     0                     646.0000000  613.94385  4.96%     -   13s
H    0     0                     645.1000000  613.94385  4.83%     -   13s
     0     0  614.00936    0  152  645.10000  614.00936  4.82%     -   15s
     0     0  614.35956    0  160  645.10000  614.35956  4.77%     -   16s
     0     0  616.27995    0  150  645.10000  616.27995  4.47%     -   18s
     0     0  616.27995    0  150  645.10000  616.27995  4.47%     -   18s
     0     0  617.49981    0  150  645.10000  617.49981  4.28%     -   20s
     0     0  617.49981    0  150  645.10000  617.49981  4.28%     -   21s
H    0     0                     644.6000000  617.74431  4.17%     -   23s
     0     0  617.74881    0  160  644.60000  617.74881  4.17%     -   23s
     0     0  617.74881    0  160  644.60000  617.74881  4.17%     -   23s
     0     0  618.09238    0  154  644.60000  618.09238  4.11%     -   26s
     0     0  618.09238    0  154  644.60000  618.09238  4.11%     -   26s
     0     0  618.09238    0  154  644.60000  618.09238  4.11%     -   26s
H    0     0                     627.9000000  618.13996  1.55%     -   29s
H    0     0                     627.7000000  618.13996  1.52%     -   29s
     0     0  618.13996    0  161  627.70000  618.13996  1.52%     -   29s
     0     0  618.13996    0  151  627.70000  618.13996  1.52%     -   30s
     0     0  618.13996    0  153  627.70000  618.13996  1.52%     -   32s
     0     0  618.13996    0  161  627.70000  618.13996  1.52%     -   32s
     0     0  618.13996    0  161  627.70000  618.13996  1.52%     -   32s
     0     0  618.13996    0  162  627.70000  618.13996  1.52%     -   33s
     0     0  618.13996    0  163  627.70000  618.13996  1.52%     -   33s
     0     0  618.13996    0  163  627.70000  618.13996  1.52%     -   33s
H    0     0                     625.4000000  618.13996  1.16%     -   34s
     0     0  618.13996    0  162  625.40000  618.13996  1.16%     -   34s
     0     0  618.13996    0  162  625.40000  618.13996  1.16%     -   34s
     0     0  618.13996    0  162  625.40000  618.13996  1.16%     -   35s
     0     0  618.13996    0  162  625.40000  618.13996  1.16%     -   35s
     0     0  618.13996    0  162  625.40000  618.13996  1.16%     -   37s
     0     0  618.13996    0  162  625.40000  618.13996  1.16%     -   37s
     0     0  618.13996    0  162  625.40000  618.13996  1.16%     -   38s
     0     0  618.13996    0  162  625.40000  618.13996  1.16%     -   39s
     0     0  618.13996    0  162  625.40000  618.13996  1.16%     -   40s
     0     0  618.13996    0  162  625.40000  618.13996  1.16%     -   40s
     0     0  618.13996    0  162  625.40000  618.13996  1.16%     -   41s
     0     0  618.13996    0  162  625.40000  618.13996  1.16%     -   42s
     0     0  618.17695    0  162  625.40000  618.17695  1.15%     -   43s
     0     0  618.74224    0  163  625.40000  618.74224  1.06%     -   44s
     0     0  618.74224    0  150  625.40000  618.74224  1.06%     -   48s
     0     0  618.74224    0  157  625.40000  618.74224  1.06%     -   49s
     0     0  618.74224    0  166  625.40000  618.74224  1.06%     -   49s
     0     0  618.74224    0  163  625.40000  618.74224  1.06%     -   50s
     0     0  618.74224    0  163  625.40000  618.74224  1.06%     -   50s
     0     0  618.74224    0  163  625.40000  618.74224  1.06%     -   51s
     0     0  618.74224    0  166  625.40000  618.74224  1.06%     -   51s
     0     0  618.74224    0  166  625.40000  618.74224  1.06%     -   51s
     0     0  618.74224    0  165  625.40000  618.74224  1.06%     -   53s
     0     0  618.74224    0  165  625.40000  618.74224  1.06%     -   53s
     0     0  618.74224    0  165  625.40000  618.74224  1.06%     -   54s
     0     0  618.74224    0  165  625.40000  618.74224  1.06%     -   55s
     0     0  619.31985    0  160  625.40000  619.31985  0.97%     -   56s
     0     0  619.32382    0  160  625.40000  619.32382  0.97%     -   56s
     0     0  619.63773    0  161  625.40000  619.63773  0.92%     -   58s
     0     0  619.64354    0  167  625.40000  619.64354  0.92%     -   59s
     0     0  619.64354    0  167  625.40000  619.64354  0.92%     -   59s
     0     0  619.64354    0  167  625.40000  619.64354  0.92%     -   59s
     0     0  619.89486    0  167  625.40000  619.89486  0.88%     -   60s
     0     0  619.89486    0  168  625.40000  619.89486  0.88%     -   61s
     0     0  619.89486    0  168  625.40000  619.89486  0.88%     -   61s
     0     0  620.38717    0  168  625.40000  620.38717  0.80%     -   63s
     0     0  620.38717    0  173  625.40000  620.38717  0.80%     -   63s
     0     0  620.39999    0  169  625.40000  620.39999  0.80%     -   63s
     0     0  620.39999    0  169  625.40000  620.39999  0.80%     -   63s
     0     0  620.54223    0  172  625.40000  620.54223  0.78%     -   65s
     0     0  620.55072    0  171  625.40000  620.55072  0.78%     -   65s
     0     0  620.55293    0  169  625.40000  620.55293  0.78%     -   65s
     0     0  620.55293    0  169  625.40000  620.55293  0.78%     -   65s
     0     0  620.78011    0  169  625.40000  620.78011  0.74%     -   67s
     0     2  620.78011    0  169  625.40000  620.78011  0.74%     -   68s
    23    41  620.78011    5  147  625.40000  620.78011  0.74%   459   70s
   218    97  623.53343    8  120  625.40000  620.78011  0.74%   347   75s

Cutting planes:
  Lift-and-project: 20
  Cover: 2
  Implied bound: 108
  Projected implied bound: 1
  Clique: 1
  MIR: 126
  Mixing: 13
  Flow cover: 344
  RLT: 34
  Relax-and-lift: 24
  BQP: 1
  PSD: 19

Explored 615 nodes (227676 simplex iterations) in 79.37 seconds (102.34 work units)
Thread count was 8 (of 8 available processors)

Solution count 10: 625.4 627.7 627.9 ... 749.8

Optimal solution found (tolerance 1.00e-04)
Best objective 6.254000000000e+02, best bound 6.254000000000e+02, gap 0.0000%
