
Gurobi 12.0.1 (mac64[arm]) logging started Sat May 17 15:36:15 2025

Set parameter LogFile to value "root_cuts.log"
Gurobi Optimizer version 12.0.1 build v12.0.1rc0 (mac64[arm] - Darwin 24.4.0 24E263)

CPU model: Apple M1
Thread count: 8 physical cores, 8 logical processors, using up to 8 threads

Non-default parameters:
NodeLimit  1
Cuts  2
CutPasses  50

WLS license 2660300 - registered to Optym
Optimize a model with 13388 rows, 48454 columns and 158962 nonzeros
Model fingerprint: 0x42576096
Variable types: 46134 continuous, 2320 integer (2320 binary)
Coefficient statistics:
  Matrix range     [1e+00, 2e+02]
  Objective range  [4e+00, 8e+01]
  Bounds range     [1e-01, 2e+02]
  RHS range        [1e+00, 2e+02]
Presolve removed 5398 rows and 6295 columns
Presolve time: 0.23s
Presolved: 7990 rows, 42159 columns, 144816 nonzeros
Variable types: 39837 continuous, 2322 integer (2320 binary)
Found heuristic solution: objective 2582.2000000
Found heuristic solution: objective 2581.2000000
Deterministic concurrent LP optimizer: primal and dual simplex
Showing primal log only...


Root simplex log...

Iteration    Objective       Primal Inf.    Dual Inf.      Time
   80380    6.1843446e+02   0.000000e+00   1.602624e+04      5s
Concurrent spin time: 0.69s (can be avoided by choosing Method=3)

Solved with dual simplex

Root simplex log...

Iteration    Objective       Primal Inf.    Dual Inf.      Time
   23176    6.1331968e+02   0.000000e+00   0.000000e+00      6s

Root relaxation: objective 6.133197e+02, 23176 iterations, 5.85 seconds (8.82 work units)

    Nodes    |    Current Node    |     Objective Bounds      |     Work
 Expl Unexpl |  Obj  Depth IntInf | Incumbent    BestBd   Gap | It/Node Time

     0     0  613.31968    0  151 2581.20000  613.31968  76.2%     -    6s
H    0     0                    1010.6000000  613.31968  39.3%     -    6s
H    0     0                     953.3000000  613.31968  35.7%     -    6s
H    0     0                     905.1000000  613.31968  32.2%     -    6s
H    0     0                     821.4000000  613.31968  25.3%     -    7s
H    0     0                     810.0000000  613.31968  24.3%     -    7s
H    0     0                     791.7000000  613.31968  22.5%     -    7s
H    0     0                     749.8000000  613.31968  18.2%     -    7s
H    0     0                     662.7000000  613.31968  7.45%     -    7s
H    0     0                     651.1000000  613.31968  5.80%     -    7s
H    0     0                     646.9000000  613.82383  5.11%     -    8s
     0     0  613.82383    0  155  646.90000  613.82383  5.11%     -    8s
     0     0  613.90172    0  156  646.90000  613.90172  5.10%     -    8s
     0     0  613.94385    0  159  646.90000  613.94385  5.09%     -   10s
     0     0  613.94385    0  151  646.90000  613.94385  5.09%     -   13s
H    0     0                     646.0000000  613.94385  4.96%     -   14s
H    0     0                     645.1000000  613.94385  4.83%     -   14s
     0     0  614.00936    0  152  645.10000  614.00936  4.82%     -   16s
     0     0  614.35956    0  160  645.10000  614.35956  4.77%     -   16s
     0     0  616.27995    0  150  645.10000  616.27995  4.47%     -   18s
     0     0  616.27995    0  150  645.10000  616.27995  4.47%     -   19s
     0     0  617.49981    0  150  645.10000  617.49981  4.28%     -   21s
     0     0  617.49981    0  150  645.10000  617.49981  4.28%     -   21s
H    0     0                     644.6000000  617.74431  4.17%     -   23s
     0     0  617.74881    0  160  644.60000  617.74881  4.17%     -   23s
     0     0  617.74881    0  160  644.60000  617.74881  4.17%     -   24s
     0     0  618.09238    0  154  644.60000  618.09238  4.11%     -   26s
     0     0  618.09238    0  154  644.60000  618.09238  4.11%     -   26s
     0     0  618.09238    0  154  644.60000  618.09238  4.11%     -   26s
H    0     0                     627.9000000  618.13996  1.55%     -   29s
H    0     0                     627.7000000  618.13996  1.52%     -   29s
     0     0  618.13996    0  161  627.70000  618.13996  1.52%     -   29s
     0     0  618.13996    0  151  627.70000  618.13996  1.52%     -   30s
     0     0  618.13996    0  153  627.70000  618.13996  1.52%     -   31s
     0     0  618.13996    0  161  627.70000  618.13996  1.52%     -   31s
     0     0  618.13996    0  161  627.70000  618.13996  1.52%     -   31s
     0     0  618.13996    0  159  627.70000  618.13996  1.52%     -   32s
     0     0  618.13996    0  161  627.70000  618.13996  1.52%     -   32s
     0     0  618.13996    0  161  627.70000  618.13996  1.52%     -   32s
H    0     0                     625.4000000  618.13996  1.16%     -   33s
     0     0  618.13996    0  160  625.40000  618.13996  1.16%     -   33s
     0     0  618.13996    0  160  625.40000  618.13996  1.16%     -   34s
     0     0  618.13996    0  160  625.40000  618.13996  1.16%     -   35s
     0     0  618.13996    0  160  625.40000  618.13996  1.16%     -   35s
     0     0  618.13996    0  158  625.40000  618.13996  1.16%     -   36s
     0     0  618.13996    0  158  625.40000  618.13996  1.16%     -   36s
     0     0  618.13996    0  158  625.40000  618.13996  1.16%     -   37s
     0     0  618.13996    0  166  625.40000  618.13996  1.16%     -   39s
     0     0  618.13996    0  165  625.40000  618.13996  1.16%     -   39s
     0     0  618.13996    0  165  625.40000  618.13996  1.16%     -   39s
     0     0  618.13996    0  165  625.40000  618.13996  1.16%     -   39s
     0     0  618.13996    0  164  625.40000  618.13996  1.16%     -   40s
     0     0  618.13996    0  164  625.40000  618.13996  1.16%     -   40s
     0     0  618.16000    0  164  625.40000  618.16000  1.16%     -   41s
     0     0  618.60684    0  164  625.40000  618.60684  1.09%     -   42s
     0     0  619.15048    0  164  625.40000  619.15048  1.00%     -   43s
     0     0  619.42716    0  168  625.40000  619.42716  0.96%     -   45s
     0     0  619.57078    0  172  625.40000  619.57078  0.93%     -   45s
     0     0  619.57078    0  170  625.40000  619.57078  0.93%     -   45s
     0     0  619.57078    0  170  625.40000  619.57078  0.93%     -   45s
     0     0  619.62689    0  171  625.40000  619.62689  0.92%     -   46s
     0     0  619.63056    0  171  625.40000  619.63056  0.92%     -   47s
     0     0  619.91921    0  164  625.40000  619.91921  0.88%     -   47s
     0     0  619.92253    0  164  625.40000  619.92253  0.88%     -   47s
     0     0  619.93943    0  167  625.40000  619.93943  0.87%     -   48s
     0     0  619.94032    0  170  625.40000  619.94032  0.87%     -   48s
     0     0  619.94032    0  170  625.40000  619.94032  0.87%     -   48s
     0     0  619.95547    0  170  625.40000  619.95547  0.87%     -   48s
     0     0  619.95547    0  167  625.40000  619.95547  0.87%     -   49s
     0     0  619.95547    0  167  625.40000  619.95547  0.87%     -   49s
     0     0  619.95547    0  167  625.40000  619.95547  0.87%     -   49s
     0     0  619.95547    0  167  625.40000  619.95547  0.87%     -   49s
     0     0  619.95547    0  151  625.40000  619.95547  0.87%     -   51s
     0     0  619.95547    0  156  625.40000  619.95547  0.87%     -   52s
     0     0  619.95547    0  160  625.40000  619.95547  0.87%     -   52s
     0     0  619.95547    0  160  625.40000  619.95547  0.87%     -   52s
     0     0  619.95547    0  162  625.40000  619.95547  0.87%     -   53s
     0     0  619.95547    0  162  625.40000  619.95547  0.87%     -   53s
     0     0  619.95547    0  164  625.40000  619.95547  0.87%     -   54s
     0     0  619.95547    0  167  625.40000  619.95547  0.87%     -   55s
     0     0  619.95547    0  170  625.40000  619.95547  0.87%     -   55s
     0     0  619.95547    0  169  625.40000  619.95547  0.87%     -   56s
     0     0  619.95547    0  169  625.40000  619.95547  0.87%     -   56s
     0     0  619.95547    0  169  625.40000  619.95547  0.87%     -   58s
     0     0  619.95547    0  171  625.40000  619.95547  0.87%     -   58s
     0     0  619.95547    0  171  625.40000  619.95547  0.87%     -   58s
     0     0  620.23434    0  172  625.40000  620.23434  0.83%     -   60s
     0     0  620.24708    0  172  625.40000  620.24708  0.82%     -   60s
     0     0  620.80565    0  170  625.40000  620.80565  0.73%     -   62s
     0     0  620.85182    0  170  625.40000  620.85182  0.73%     -   62s
     0     0  620.85182    0  170  625.40000  620.85182  0.73%     -   62s
     0     0  621.03814    0  173  625.40000  621.03814  0.70%     -   63s
     0     0  621.04050    0  173  625.40000  621.04050  0.70%     -   63s
     0     0  621.04050    0  173  625.40000  621.04050  0.70%     -   63s
     0     0  621.08357    0  173  625.40000  621.08357  0.69%     -   64s
     0     0  621.08357    0  173  625.40000  621.08357  0.69%     -   64s
     0     0  621.35828    0  171  625.40000  621.35828  0.65%     -   65s
     0     0  621.39304    0  169  625.40000  621.39304  0.64%     -   65s
     0     0  621.39304    0  169  625.40000  621.39304  0.64%     -   65s
     0     0  621.50716    0  169  625.40000  621.50716  0.62%     -   65s
     0     0  621.52587    0  170  625.40000  621.52587  0.62%     -   66s
     0     0  621.71729    0  170  625.40000  621.71729  0.59%     -   66s
     0     0  621.77322    0  170  625.40000  621.77322  0.58%     -   67s
     0     0  621.82115    0  169  625.40000  621.82115  0.57%     -   67s
     0     0  621.82955    0  170  625.40000  621.82955  0.57%     -   67s
     0     0  621.83004    0  170  625.40000  621.83004  0.57%     -   67s
     0     0  621.84497    0  170  625.40000  621.84497  0.57%     -   67s
     0     0  621.85650    0  168  625.40000  621.85650  0.57%     -   68s
     0     2  621.85650    0  168  625.40000  621.85650  0.57%     -   68s

Cutting planes:
  Lift-and-project: 13
  Implied bound: 14
  Projected implied bound: 4
  MIR: 44
  Flow cover: 48
  RLT: 1
  Relax-and-lift: 5
  PSD: 1

Explored 1 nodes (68090 simplex iterations) in 68.78 seconds (88.30 work units)
Thread count was 8 (of 8 available processors)

Solution count 10: 625.4 627.7 627.9 ... 749.8

Node limit reached
Best objective 6.254000000000e+02, best bound 6.219000000000e+02, gap 0.5596%
